// Jest Snapshot v1, https://goo.gl/fbAQLP

exports[`ManualTriggerLink registers a request when it comes 1`] = `
Array [
  Object {
    "forward": [Function],
    "observers": Array [
      SubscriptionObserver {
        "_subscription": Subscription {
          "_cleanup": undefined,
          "_observer": Object {
            "error": [Function],
            "next": [Function],
          },
          "_queue": undefined,
          "_state": "ready",
        },
      },
    ],
    "operation": Object {
      "extensions": Object {},
      "operationName": "newEvent",
      "query": Object {
        "definitions": Array [
          Object {
            "directives": Array [],
            "kind": "OperationDefinition",
            "name": Object {
              "kind": "Name",
              "value": "newEvent",
            },
            "operation": "subscription",
            "selectionSet": Object {
              "kind": "SelectionSet",
              "selections": Array [
                Object {
                  "alias": undefined,
                  "arguments": Array [],
                  "directives": Array [],
                  "kind": "Field",
                  "name": Object {
                    "kind": "Name",
                    "value": "newEvent",
                  },
                  "selectionSet": Object {
                    "kind": "SelectionSet",
                    "selections": Array [
                      Object {
                        "alias": undefined,
                        "arguments": Array [],
                        "directives": Array [],
                        "kind": "Field",
                        "name": Object {
                          "kind": "Name",
                          "value": "id",
                        },
                        "selectionSet": undefined,
                      },
                      Object {
                        "kind": "Field",
                        "name": Object {
                          "kind": "Name",
                          "value": "__typename",
                        },
                      },
                    ],
                  },
                },
              ],
            },
            "variableDefinitions": Array [],
          },
        ],
        "kind": "Document",
        "loc": Object {
          "end": 61,
          "source": Object {
            "body": "
  subscription newEvent {
    newEvent {
      id
    }
  }
",
            "locationOffset": Object {
              "column": 1,
              "line": 1,
            },
            "name": "GraphQL request",
          },
          "start": 0,
        },
      },
      "variables": Object {},
    },
  },
]
`;
